STEP to UG
! INFO-     NX STEP AP203 - V2412.8101
! INFO-      
! INFO-     Start of Translation: 8-MAY-2026  3:58:26 AM
! INFO-      
! STATUS-   Converting Part: C:\Users\miacl\Downloads\95462A525_Zinc-Plated Medium-Strength Steel Hex Nut.STEP
! SUMMARY-   
! SUMMARY-    STEP Header Information
! SUMMARY-   
! SUMMARY-  Description      STEP AP203
! SUMMARY-  Imp_Level        1
! SUMMARY-  File_Name        95462A525_Zinc-Plated Medium-Strength Steel Hex Nut.STEP
! SUMMARY-  Date             2026-04-06T19:29:00
! SUMMARY-  Author           McMaster Carr Supply
! SUMMARY-  Organization     McMaster Carr Supply
! SUMMARY-  Pre_Version      SwSTEP 2.0
! SUMMARY-  Orig_System      SolidWorks 2024
! SUMMARY-  Authorization    Unknown
! SUMMARY-  Schema_ID        config_control_design
! SUMMARY-   
! SUMMARY-    Summary of STEP Entities
! SUMMARY-   
! SUMMARY-  Entity Type                                                   Count
! SUMMARY-  -----------                                                   ------
! SUMMARY-  advanced_face ..............................................:     47
! SUMMARY-  application_context ........................................:      2
! SUMMARY-  approval ...................................................:      3
! SUMMARY-  approval_date_time .........................................:      3
! SUMMARY-  approval_person_organization ...............................:      3
! SUMMARY-  approval_role ..............................................:      3
! SUMMARY-  approval_status ............................................:      3
! SUMMARY-  axis2_placement_3d .........................................:     64
! SUMMARY-  b_spline_curve_with_knots ..................................:     36
! SUMMARY-  b_spline_curve_with_knots_and_rational_b_spline_curve ......:     39
! SUMMARY-  b_spline_surface_with_knots_and_rational_b_spline_surface ..:      3
! SUMMARY-  calendar_date ..............................................:      3
! SUMMARY-  cartesian_point ............................................:   2084
! SUMMARY-  circle .....................................................:     19
! SUMMARY-  closed_shell ...............................................:      1
! SUMMARY-  conical_surface ............................................:     17
! SUMMARY-  conversion_based_unit_and_length_unit ......................:      1
! SUMMARY-  coordinated_universal_time_offset ..........................:      3
! SUMMARY-  cylindrical_surface ........................................:     19
! SUMMARY-  date_and_time ..............................................:      3
! SUMMARY-  dimensional_exponents ......................................:      1
! SUMMARY-  direction ..................................................:    157
! SUMMARY-  edge_curve .................................................:    123
! SUMMARY-  edge_loop ..................................................:     49
! SUMMARY-  face_bound .................................................:      2
! SUMMARY-  face_outer_bound ...........................................:     47
! SUMMARY-  geometric_representation_context_and_global_uncertainty_a ..:      1
! SUMMARY-  length_measure_with_unit ...................................:      1
! SUMMARY-  length_unit_and_si_unit ....................................:      1
! SUMMARY-  line .......................................................:     29
! SUMMARY-  local_time .................................................:      3
! SUMMARY-  manifold_solid_brep ........................................:      1
! SUMMARY-  organization ...............................................:      1
! SUMMARY-  oriented_edge ..............................................:    246
! SUMMARY-  person .....................................................:      1
! SUMMARY-  person_and_organization ....................................:      3
! SUMMARY-  plane ......................................................:      8
! SUMMARY-  plane_angle_unit_and_si_unit ...............................:      1
! SUMMARY-  product ....................................................:      1
! SUMMARY-  product_context ............................................:      1
! SUMMARY-  product_definition .........................................:      1
! SUMMARY-  product_definition_context .................................:      1
! SUMMARY-  product_definition_formation_with_specified_source .........:      1
! SUMMARY-  product_definition_shape ...................................:      1
! SUMMARY-  product_related_product_category ...........................:      1
! SUMMARY-  si_unit_and_solid_angle_unit ...............................:      1
! SUMMARY-  uncertainty_measure_with_unit ..............................:      1
! SUMMARY-  vector .....................................................:     29
! SUMMARY-  vertex_point ...............................................:     78
! SUMMARY-                                                               -------
! SUMMARY-  Total                                                           3147
! STATUS-    
! STATUS-   Converting to Output Form (Phase 2 of 3): 8-MAY-2026 3:58:26 AM
! STATUS-    
! STATUS-    
! STATUS-   Generating UG geometry and placing them in parts
! STATUS-    
! STATUS-   Creating the UG part (Phase 3 of 3): 8-MAY-2026  3:58:26 AM
! INFO-     Filing Part ..: C:\Users\miacl\OneDrive\Documents\GitHub\AME308-HumanPoweredAirplane\95462A525_Zinc-Plated Medium-Strength Steel Hex Nut.prt
! SUMMARY-   
! SUMMARY-  Summary of Unigraphics Part Entities
! SUMMARY-   
! SUMMARY-  Entities Processed             Count
! SUMMARY-  ------------------             -----
! SUMMARY-  Solid/Sheet .................:     1
! SUMMARY-                                 -----
! SUMMARY-  Total                              1
! INFO-      
! INFO-     Total number of solids input for this translation       :         1
! INFO-      
! INFO-     Number of solids created without body validation faults :         1
! INFO-      
! INFO-     Number of solids created with body validation fault(s)  :         0
! INFO-      
! INFO-     Number of solids ending up as sheet bodies              :         0
! INFO-      
! INFO-     End of Translation: 8-MAY-2026  3:58:27 AM
! INFO-      
